D:\Environment\miniconda3\python.exe D:\35931\Desktop\智慧大坝\data_collector.py 

============================================================
📊 数据采集器启动（全水位覆盖版）
   本机: 192.168.10.251:8082
   采集时长: 3600秒 | 自动保存: 每300秒
   水位体系:
     死: 0-50 | 濒: 50-55
     正常: 45-80
     预警: 80-110
     应急: 110+ | 异常: >200
   随机加水范围: 55-140
   区间权重: 正常40% | 预警30% | 应急20% | 正常偏高10%
   🎯 每轮加水目标随机变化，覆盖全水位区间
============================================================

[⏳] 等待传感器连接... 本机: 192.168.10.251:8082
[✅] 传感器已连接！来自: 192.168.10.197:27096

💧 请先加水至 65 左右
   按 Enter 开始...
[初始化] 填充历史数据...
   [1/10] 水位:  114 [应急🟠]
   [2/10] 水位:  114 [应急🟠]
   [3/10] 水位:  114 [应急🟠]
   [4/10] 水位:  114 [应急🟠]
   [5/10] 水位:  114 [应急🟠]
   [6/10] 水位:  114 [应急🟠]
   [7/10] 水位:  114 [应急🟠]
   [8/10] 水位:  114 [应急🟠]
   [9/10] 水位:  114 [应急🟠]
   [10/10] 水位:  114 [应急🟠]

✅ 初始化完成，起始水位: 114
⏳ 开始采集（实时显示，Ctrl+C 停止）...

[帧    44] 水位:  56 正常🟢 | 闸门:关🔒 | 样本:    18 | 整区:濒死:0%|正常偏低:28%|正常偏高:22%|预警:28%|应急:22%

──────────────────────────────────────────────────
💧 [第1轮加水]
   当前水位: 54
   🎯 本轮加水目标: 106
   目标区间: [预警🟡]
   正常范围: 45-80
   死水位: 50 | 濒死线: 55
   ⚠️  请加水到目标值附近，不要超过160
   💾 数据已保存（18条样本）
   📊 区间覆盖: 濒死:0%|正常偏低:28%|正常偏高:22%|预警:28%|应急:22%
──────────────────────────────────────────────────

按 Enter 查看水位，输入 ok 继续训练: 
   读取中...
   📊 水位:  108 [预警🟡] | 距目标: +2
   ✅ 已达到目标水位

按 Enter 查看水位，输入 ok 继续训练: ok

[重新初始化] 清空历史缓冲区...
   [1/10] 水位: 108 [预警🟡]
   [3/10] 水位: 108 [预警🟡]
   [5/10] 水位: 108 [预警🟡]
   [7/10] 水位: 108 [预警🟡]
   [9/10] 水位: 108 [预警🟡]
   ✅ 第1轮开始

[帧    77] 水位:  58 正常🟢 | 闸门:关🔒 | 样本:    29 | 整区:濒死:0%|正常偏低:31%|正常偏高:24%|预警:31%|应急:14%

──────────────────────────────────────────────────
💧 [第2轮加水]
   当前水位: 54
   🎯 本轮加水目标: 73
   目标区间: [正常🟢]
   正常范围: 45-80
   死水位: 50 | 濒死线: 55
   ⚠️  请加水到目标值附近，不要超过160
   💾 数据已保存（29条样本）
   📊 区间覆盖: 濒死:0%|正常偏低:31%|正常偏高:24%|预警:31%|应急:14%
──────────────────────────────────────────────────

按 Enter 查看水位，输入 ok 继续训练: 
   读取中...
   📊 水位:   54 [濒死🔴] | 距目标: -19
   🚨 濒死！还需加水！

按 Enter 查看水位，输入 ok 继续训练: 
   读取中...
   📊 水位:   54 [濒死🔴] | 距目标: -19
   🚨 濒死！还需加水！

按 Enter 查看水位，输入 ok 继续训练: 
   读取中...
   📊 水位:   96 [预警🟡] | 距目标: +23
   ⬇️  加多了 23

按 Enter 查看水位，输入 ok 继续训练: ok

[重新初始化] 清空历史缓冲区...
   [1/10] 水位: 96 [预警🟡]
   [3/10] 水位: 96 [预警🟡]
   [5/10] 水位: 96 [预警🟡]
   [7/10] 水位: 96 [预警🟡]
   [9/10] 水位: 96 [预警🟡]
   ✅ 第2轮开始

[帧   124] 水位:  56 正常🟢 | 闸门:关🔒 | 样本:    44 | 整区:濒死:0%|正常偏低:43%|正常偏高:25%|预警:23%|应急:9%

──────────────────────────────────────────────────
💧 [第3轮加水]
   当前水位: 54
   🎯 本轮加水目标: 80
   目标区间: [正常🟢]
   正常范围: 45-80
   死水位: 50 | 濒死线: 55
   ⚠️  请加水到目标值附近，不要超过160
   💾 数据已保存（44条样本）
   📊 区间覆盖: 濒死:0%|正常偏低:43%|正常偏高:25%|预警:23%|应急:9%
──────────────────────────────────────────────────

按 Enter 查看水位，输入 ok 继续训练: 
   读取中...
   📊 水位:  104 [预警🟡] | 距目标: +24
   ⬇️  加多了 24

按 Enter 查看水位，输入 ok 继续训练: ok

[重新初始化] 清空历史缓冲区...
   [1/10] 水位: 104 [预警🟡]
   [3/10] 水位: 104 [预警🟡]
   [5/10] 水位: 104 [预警🟡]
   [7/10] 水位: 104 [预警🟡]
   [9/10] 水位: 104 [预警🟡]
   ✅ 第3轮开始

[帧   179] 水位:  56 正常🟢 | 闸门:关🔒 | 样本:    73 | 整区:濒死:0%|正常偏低:58%|正常偏高:19%|预警:18%|应急:5%

──────────────────────────────────────────────────
💧 [第4轮加水]
   当前水位: 52
   🎯 本轮加水目标: 79
   目标区间: [正常🟢]
   正常范围: 45-80
   死水位: 50 | 濒死线: 55
   ⚠️  请加水到目标值附近，不要超过160
   💾 数据已保存（73条样本）
   📊 区间覆盖: 濒死:0%|正常偏低:58%|正常偏高:19%|预警:18%|应急:5%
──────────────────────────────────────────────────

按 Enter 查看水位，输入 ok 继续训练: 
   读取中...
   📊 水位:  100 [预警🟡] | 距目标: +21
   ⬇️  加多了 21

按 Enter 查看水位，输入 ok 继续训练: ok

[重新初始化] 清空历史缓冲区...
   [1/10] 水位: 100 [预警🟡]
   [3/10] 水位: 100 [预警🟡]
   [5/10] 水位: 100 [预警🟡]
   [7/10] 水位: 100 [预警🟡]
   [9/10] 水位: 100 [预警🟡]
   ✅ 第4轮开始

[帧   267] 水位:  56 正常🟢 | 闸门:关🔒 | 样本:   125 | 整区:濒死:0%|正常偏低:65%|正常偏高:18%|预警:14%|应急:3%

──────────────────────────────────────────────────
💧 [第5轮加水]
   当前水位: 52
   🎯 本轮加水目标: 104
   目标区间: [预警🟡]
   正常范围: 45-80
   死水位: 50 | 濒死线: 55
   ⚠️  请加水到目标值附近，不要超过160
   💾 数据已保存（125条样本）
   📊 区间覆盖: 濒死:0%|正常偏低:65%|正常偏高:18%|预警:14%|应急:3%
──────────────────────────────────────────────────

按 Enter 查看水位，输入 ok 继续训练: 
   读取中...
   📊 水位:  102 [预警🟡] | 距目标: -2
   ✅ 已达到目标水位

按 Enter 查看水位，输入 ok 继续训练: 
   读取中...
   📊 水位:  102 [预警🟡] | 距目标: -2
   ✅ 已达到目标水位

按 Enter 查看水位，输入 ok 继续训练: 
   读取中...
   📊 水位:  104 [预警🟡] | 距目标: +0
   ✅ 已达到目标水位

按 Enter 查看水位，输入 ok 继续训练: ok

[重新初始化] 清空历史缓冲区...
   [1/10] 水位: 104 [预警🟡]
   [3/10] 水位: 104 [预警🟡]
   [5/10] 水位: 104 [预警🟡]
   [7/10] 水位: 104 [预警🟡]
   [9/10] 水位: 104 [预警🟡]
   ✅ 第5轮开始

[帧   321] 水位:  56 正常🟢 | 闸门:关🔒 | 样本:   152 | 整区:濒死:0%|正常偏低:66%|正常偏高:17%|预警:14%|应急:3%

──────────────────────────────────────────────────
💧 [第6轮加水]
   当前水位: 52
   🎯 本轮加水目标: 110
   目标区间: [预警🟡]
   正常范围: 45-80
   死水位: 50 | 濒死线: 55
   ⚠️  请加水到目标值附近，不要超过160
   💾 数据已保存（152条样本）
   📊 区间覆盖: 濒死:0%|正常偏低:66%|正常偏高:17%|预警:14%|应急:3%
──────────────────────────────────────────────────

按 Enter 查看水位，输入 ok 继续训练: 
   读取中...
   📊 水位:  106 [预警🟡] | 距目标: -4
   ✅ 已达到目标水位

按 Enter 查看水位，输入 ok 继续训练: 
   读取中...
   📊 水位:  106 [预警🟡] | 距目标: -4
   ✅ 已达到目标水位

按 Enter 查看水位，输入 ok 继续训练: 
   读取中...
   📊 水位:  108 [预警🟡] | 距目标: -2
   ✅ 已达到目标水位

按 Enter 查看水位，输入 ok 继续训练: 
   读取中...
   📊 水位:  108 [预警🟡] | 距目标: -2
   ✅ 已达到目标水位

按 Enter 查看水位，输入 ok 继续训练: 
   读取中...
   📊 水位:  108 [预警🟡] | 距目标: -2
   ✅ 已达到目标水位

按 Enter 查看水位，输入 ok 继续训练: 
   读取中...
   📊 水位:  112 [应急🟠] | 距目标: +2
   ✅ 已达到目标水位

按 Enter 查看水位，输入 ok 继续训练: ok

[重新初始化] 清空历史缓冲区...
   [1/10] 水位: 112 [应急🟠]
   [3/10] 水位: 112 [应急🟠]
   [5/10] 水位: 112 [应急🟠]
   [7/10] 水位: 112 [应急🟠]
   [9/10] 水位: 112 [应急🟠]
   ✅ 第6轮开始

[帧   366] 水位:  58 正常🟢 | 闸门:开🔓 | 样本:   166 | 整区:濒死:0%|正常偏低:64%|正常偏高:17%|预警:16%|应急:2%

──────────────────────────────────────────────────
💧 [第7轮加水]
   当前水位: 54
   🎯 本轮加水目标: 59
   目标区间: [正常🟢]
   正常范围: 45-80
   死水位: 50 | 濒死线: 55
   ⚠️  请加水到目标值附近，不要超过160
   💾 数据已保存（166条样本）
   📊 区间覆盖: 濒死:0%|正常偏低:64%|正常偏高:17%|预警:16%|应急:2%
──────────────────────────────────────────────────

按 Enter 查看水位，输入 ok 继续训练: 
   读取中...
3   📊 水位:   68 [正常🟢] | 距目标: +9
   ⬇️  加多了 9

按 Enter 查看水位，输入 ok 继续训练: ok
   读取中...
   📊 水位:   68 [正常🟢] | 距目标: +9
   ⬇️  加多了 9

按 Enter 查看水位，输入 ok 继续训练: ok

[重新初始化] 清空历史缓冲区...
   [1/10] 水位: 68 [正常🟢]
   [3/10] 水位: 68 [正常🟢]
   [5/10] 水位: 68 [正常🟢]
   [7/10] 水位: 68 [正常🟢]
   [9/10] 水位: 68 [正常🟢]
   ✅ 第7轮开始

[帧   402] 水位:  56 正常🟢 | 闸门:关🔒 | 样本:   175 | 整区:濒死:0%|正常偏低:66%|正常偏高:17%|预警:15%|应急:2%

──────────────────────────────────────────────────
💧 [第8轮加水]
   当前水位: 54
   🎯 本轮加水目标: 83
   目标区间: [预警🟡]
   正常范围: 45-80
   死水位: 50 | 濒死线: 55
   ⚠️  请加水到目标值附近，不要超过160
   💾 数据已保存（175条样本）
   📊 区间覆盖: 濒死:0%|正常偏低:66%|正常偏高:17%|预警:15%|应急:2%
──────────────────────────────────────────────────

按 Enter 查看水位，输入 ok 继续训练: 
   读取中...
   📊 水位:   94 [预警🟡] | 距目标: +11
   ⬇️  加多了 11

按 Enter 查看水位，输入 ok 继续训练: ok

[重新初始化] 清空历史缓冲区...
   [1/10] 水位: 94 [预警🟡]
   [3/10] 水位: 94 [预警🟡]
   [5/10] 水位: 94 [预警🟡]
   [7/10] 水位: 94 [预警🟡]
   [9/10] 水位: 94 [预警🟡]
   ✅ 第8轮开始

[帧   437] 水位:  56 正常🟢 | 闸门:关🔒 | 样本:   184 | 整区:濒死:0%|正常偏低:64%|正常偏高:19%|预警:15%|应急:2%

──────────────────────────────────────────────────
💧 [第9轮加水]
   当前水位: 54
   🎯 本轮加水目标: 94
   目标区间: [预警🟡]
   正常范围: 45-80
   死水位: 50 | 濒死线: 55
   ⚠️  请加水到目标值附近，不要超过160
   💾 数据已保存（184条样本）
   📊 区间覆盖: 濒死:0%|正常偏低:64%|正常偏高:19%|预警:15%|应急:2%
──────────────────────────────────────────────────

按 Enter 查看水位，输入 ok 继续训练: 
   读取中...
   📊 水位:  108 [预警🟡] | 距目标: +14
   ⬇️  加多了 14

按 Enter 查看水位，输入 ok 继续训练: ok

[重新初始化] 清空历史缓冲区...
   [1/10] 水位: 108 [预警🟡]
   [3/10] 水位: 108 [预警🟡]
   [5/10] 水位: 108 [预警🟡]
   [7/10] 水位: 108 [预警🟡]
   [9/10] 水位: 108 [预警🟡]
   ✅ 第9轮开始

[帧   493] 水位:  56 正常🟢 | 闸门:关🔒 | 样本:   210 | 整区:濒死:0%|正常偏低:62%|正常偏高:20%|预警:15%|应急:2%

──────────────────────────────────────────────────
💧 [第10轮加水]
   当前水位: 54
   🎯 本轮加水目标: 77
   目标区间: [正常🟢]
   正常范围: 45-80
   死水位: 50 | 濒死线: 55
   ⚠️  请加水到目标值附近，不要超过160
   💾 数据已保存（210条样本）
   📊 区间覆盖: 濒死:0%|正常偏低:62%|正常偏高:20%|预警:15%|应急:2%
──────────────────────────────────────────────────

按 Enter 查看水位，输入 ok 继续训练: 
   读取中...
   📊 水位:   80 [正常🟢] | 距目标: +3
   ✅ 已达到目标水位

按 Enter 查看水位，输入 ok 继续训练: ok

[重新初始化] 清空历史缓冲区...
   [1/10] 水位: 80 [正常🟢]
   [3/10] 水位: 80 [正常🟢]
   [5/10] 水位: 80 [正常🟢]
   [7/10] 水位: 80 [正常🟢]
   [9/10] 水位: 80 [正常🟢]
   ✅ 第10轮开始

[帧   527] 水位:  56 正常🟢 | 闸门:开🔓 | 样本:   221 | 整区:濒死:0%|正常偏低:64%|正常偏高:20%|预警:14%|应急:2%

──────────────────────────────────────────────────
💧 [第11轮加水]
   当前水位: 54
   🎯 本轮加水目标: 75
   目标区间: [正常🟢]
   正常范围: 45-80
   死水位: 50 | 濒死线: 55
   ⚠️  请加水到目标值附近，不要超过160
   💾 数据已保存（221条样本）
   📊 区间覆盖: 濒死:0%|正常偏低:64%|正常偏高:20%|预警:14%|应急:2%
──────────────────────────────────────────────────

按 Enter 查看水位，输入 ok 继续训练: 
   读取中...
   📊 水位:   72 [正常🟢] | 距目标: -3
   ✅ 已达到目标水位

按 Enter 查看水位，输入 ok 继续训练: 
   读取中...
   📊 水位:   72 [正常🟢] | 距目标: -3
   ✅ 已达到目标水位

按 Enter 查看水位，输入 ok 继续训练: 
   读取中...
   📊 水位:   88 [预警🟡] | 距目标: +13
   ⬇️  加多了 13

按 Enter 查看水位，输入 ok 继续训练: ok

[重新初始化] 清空历史缓冲区...
   [1/10] 水位: 88 [预警🟡]
   [3/10] 水位: 88 [预警🟡]
   [5/10] 水位: 88 [预警🟡]
   [7/10] 水位: 88 [预警🟡]
   [9/10] 水位: 88 [预警🟡]
   ✅ 第11轮开始

[帧   560] 水位:  56 正常🟢 | 闸门:关🔒 | 样本:   229 | 整区:濒死:0%|正常偏低:64%|正常偏高:20%|预警:14%|应急:2%

──────────────────────────────────────────────────
💧 [第12轮加水]
   当前水位: 54
   🎯 本轮加水目标: 118
   目标区间: [应急🟠]
   正常范围: 45-80
   死水位: 50 | 濒死线: 55
   ⚠️  请加水到目标值附近，不要超过160
   💾 数据已保存（229条样本）
   📊 区间覆盖: 濒死:0%|正常偏低:64%|正常偏高:20%|预警:14%|应急:2%
──────────────────────────────────────────────────

按 Enter 查看水位，输入 ok 继续训练: 
   读取中...
   📊 水位:  110 [预警🟡] | 距目标: -8
   ⬆️  还需加水 8

按 Enter 查看水位，输入 ok 继续训练: 
   读取中...
   📊 水位:  110 [预警🟡] | 距目标: -8
   ⬆️  还需加水 8

按 Enter 查看水位，输入 ok 继续训练: 
   读取中...
   📊 水位:  140 [应急🟠] | 距目标: +22
   ⬇️  加多了 22

按 Enter 查看水位，输入 ok 继续训练: 
   读取中...
   📊 水位:  140 [应急🟠] | 距目标: +22
   ⬇️  加多了 22

按 Enter 查看水位，输入 ok 继续训练: 
   读取中...
   📊 水位:  140 [应急🟠] | 距目标: +22
   ⬇️  加多了 22

按 Enter 查看水位，输入 ok 继续训练: 
   读取中...
   📊 水位:  140 [应急🟠] | 距目标: +22
   ⬇️  加多了 22

按 Enter 查看水位，输入 ok 继续训练: 
   读取中...

   📊 水位:  140 [应急🟠] | 距目标: +22
   ⬇️  加多了 22

按 Enter 查看水位，输入 ok 继续训练:    读取中...

   📊 水位:  140 [应急🟠] | 距目标: +22
   ⬇️  加多了 22

按 Enter 查看水位，输入 ok 继续训练:    读取中...
o   📊 水位:  140 [应急🟠] | 距目标: +22
   ⬇️  加多了 22

按 Enter 查看水位，输入 ok 继续训练: ok
   读取中...
   📊 水位:  140 [应急🟠] | 距目标: +22
   ⬇️  加多了 22

按 Enter 查看水位，输入 ok 继续训练: ok

[重新初始化] 清空历史缓冲区...
   [1/10] 水位: 140 [应急🟠]
   [3/10] 水位: 140 [应急🟠]
   [5/10] 水位: 140 [应急🟠]
   [7/10] 水位: 140 [应急🟠]
   [9/10] 水位: 140 [应急🟠]
   ✅ 第12轮开始

[帧   625] 水位:  58 正常🟢 | 闸门:关🔒 | 样本:   257 | 整区:濒死:0%|正常偏低:61%|正常偏高:20%|预警:16%|应急:3%

──────────────────────────────────────────────────
💧 [第13轮加水]
   当前水位: 54
   🎯 本轮加水目标: 77
   目标区间: [正常🟢]
   正常范围: 45-80
   死水位: 50 | 濒死线: 55
   ⚠️  请加水到目标值附近，不要超过160
   💾 数据已保存（257条样本）
   📊 区间覆盖: 濒死:0%|正常偏低:61%|正常偏高:20%|预警:16%|应急:3%
──────────────────────────────────────────────────

按 Enter 查看水位，输入 ok 继续训练: 
   读取中...
   📊 水位:   54 [濒死🔴] | 距目标: -23
   🚨 濒死！还需加水！

按 Enter 查看水位，输入 ok 继续训练: 
   读取中...
   📊 水位:   54 [濒死🔴] | 距目标: -23
   🚨 濒死！还需加水！

按 Enter 查看水位，输入 ok 继续训练: 
   读取中...
   📊 水位:   90 [预警🟡] | 距目标: +13
   ⬇️  加多了 13

按 Enter 查看水位，输入 ok 继续训练: ok

[重新初始化] 清空历史缓冲区...
   [1/10] 水位: 90 [预警🟡]
   [3/10] 水位: 90 [预警🟡]
   [5/10] 水位: 90 [预警🟡]
   [7/10] 水位: 90 [预警🟡]
   [9/10] 水位: 90 [预警🟡]
   ✅ 第13轮开始

[帧   658] 水位:  56 正常🟢 | 闸门:开🔓 | 样本:   264 | 整区:濒死:0%|正常偏低:60%|正常偏高:22%|预警:16%|应急:3%

──────────────────────────────────────────────────
💧 [第14轮加水]
   当前水位: 52
   🎯 本轮加水目标: 108
   目标区间: [预警🟡]
   正常范围: 45-80
   死水位: 50 | 濒死线: 55
   ⚠️  请加水到目标值附近，不要超过160
   💾 数据已保存（264条样本）
   📊 区间覆盖: 濒死:0%|正常偏低:60%|正常偏高:22%|预警:16%|应急:3%
──────────────────────────────────────────────────

按 Enter 查看水位，输入 ok 继续训练: 
   读取中...
   📊 水位:  100 [预警🟡] | 距目标: -8
   ⬆️  还需加水 8

按 Enter 查看水位，输入 ok 继续训练: 
   读取中...
   📊 水位:  100 [预警🟡] | 距目标: -8
   ⬆️  还需加水 8

按 Enter 查看水位，输入 ok 继续训练: 
   读取中...
   📊 水位:  126 [应急🟠] | 距目标: +18
   ⬇️  加多了 18

按 Enter 查看水位，输入 ok 继续训练: ok

[重新初始化] 清空历史缓冲区...
   [1/10] 水位: 126 [应急🟠]
   [3/10] 水位: 126 [应急🟠]
   [5/10] 水位: 126 [应急🟠]
   [7/10] 水位: 126 [应急🟠]
   [9/10] 水位: 126 [应急🟠]
   ✅ 第14轮开始

[帧   711] 水位:  58 正常🟢 | 闸门:关🔒 | 样本:   291 | 整区:濒死:0%|正常偏低:60%|正常偏高:21%|预警:16%|应急:3%

──────────────────────────────────────────────────
💧 [第15轮加水]
   当前水位: 54
   🎯 本轮加水目标: 55
   目标区间: [濒死🔴]
   正常范围: 45-80
   死水位: 50 | 濒死线: 55
   ⚠️  请加水到目标值附近，不要超过160
   💾 数据已保存（291条样本）
   📊 区间覆盖: 濒死:0%|正常偏低:60%|正常偏高:21%|预警:16%|应急:3%
──────────────────────────────────────────────────

按 Enter 查看水位，输入 ok 继续训练: 
   读取中...
   📊 水位:   58 [正常🟢] | 距目标: +3
   ✅ 已达到目标水位

按 Enter 查看水位，输入 ok 继续训练: ok

[重新初始化] 清空历史缓冲区...
   [1/10] 水位: 58 [正常🟢]
   [3/10] 水位: 58 [正常🟢]
   [5/10] 水位: 58 [正常🟢]
   [7/10] 水位: 58 [正常🟢]
   [9/10] 水位: 58 [正常🟢]
   ✅ 第15轮开始

[帧   745] 水位:  56 正常🟢 | 闸门:关🔒 | 样本:   305 | 整区:濒死:0%|正常偏低:62%|正常偏高:20%|预警:15%|应急:3%

──────────────────────────────────────────────────
💧 [第16轮加水]
   当前水位: 50
   🎯 本轮加水目标: 63
   目标区间: [正常🟢]
   正常范围: 45-80
   死水位: 50 | 濒死线: 55
   ⚠️  请加水到目标值附近，不要超过160
   💾 数据已保存（305条样本）
   📊 区间覆盖: 濒死:0%|正常偏低:62%|正常偏高:20%|预警:15%|应急:3%
──────────────────────────────────────────────────

按 Enter 查看水位，输入 ok 继续训练: 
   读取中...
   📊 水位:   54 [濒死🔴] | 距目标: -9
   🚨 濒死！还需加水！

按 Enter 查看水位，输入 ok 继续训练: 
   读取中...
   📊 水位:   54 [濒死🔴] | 距目标: -9
   🚨 濒死！还需加水！

按 Enter 查看水位，输入 ok 继续训练: 
   读取中...
   📊 水位:   64 [正常🟢] | 距目标: +1
   ✅ 已达到目标水位

按 Enter 查看水位，输入 ok 继续训练: ok

[重新初始化] 清空历史缓冲区...
   [1/10] 水位: 64 [正常🟢]
   [3/10] 水位: 64 [正常🟢]
   [5/10] 水位: 64 [正常🟢]
   [7/10] 水位: 64 [正常🟢]
   [9/10] 水位: 64 [正常🟢]
   ✅ 第16轮开始

[帧   772] 水位:  58 正常🟢 | 闸门:关🔒 | 样本:   310 | 整区:濒死:0%|正常偏低:63%|正常偏高:19%|预警:15%|应急:3%

──────────────────────────────────────────────────
💧 [第17轮加水]
   当前水位: 54
   🎯 本轮加水目标: 81
   目标区间: [预警🟡]
   正常范围: 45-80
   死水位: 50 | 濒死线: 55
   ⚠️  请加水到目标值附近，不要超过160
   💾 数据已保存（310条样本）
   📊 区间覆盖: 濒死:0%|正常偏低:63%|正常偏高:19%|预警:15%|应急:3%
──────────────────────────────────────────────────

按 Enter 查看水位，输入 ok 继续训练: 
   读取中...
   📊 水位:   82 [预警🟡] | 距目标: +1
   ✅ 已达到目标水位

按 Enter 查看水位，输入 ok 继续训练: ok

[重新初始化] 清空历史缓冲区...
   [1/10] 水位: 82 [预警🟡]
   [3/10] 水位: 82 [预警🟡]
   [5/10] 水位: 82 [预警🟡]
   [7/10] 水位: 82 [预警🟡]
   [9/10] 水位: 82 [预警🟡]
   ✅ 第17轮开始

[帧   805] 水位:  62 正常🟢 | 闸门:关🔒 | 样本:   319 | 整区:濒死:0%|正常偏低:62%|正常偏高:21%|预警:15%|应急:3%

──────────────────────────────────────────────────
💧 [第18轮加水]
   当前水位: 54
   🎯 本轮加水目标: 80
   目标区间: [正常🟢]
   正常范围: 45-80
   死水位: 50 | 濒死线: 55
   ⚠️  请加水到目标值附近，不要超过160
   💾 数据已保存（319条样本）
   📊 区间覆盖: 濒死:0%|正常偏低:62%|正常偏高:21%|预警:15%|应急:3%
──────────────────────────────────────────────────

按 Enter 查看水位，输入 ok 继续训练: 
   读取中...
   📊 水位:   80 [正常🟢] | 距目标: +0
   ✅ 已达到目标水位

按 Enter 查看水位，输入 ok 继续训练: ok

[重新初始化] 清空历史缓冲区...
   [1/10] 水位: 80 [正常🟢]
   [3/10] 水位: 80 [正常🟢]
   [5/10] 水位: 80 [正常🟢]
   [7/10] 水位: 80 [正常🟢]
   [9/10] 水位: 80 [正常🟢]
   ✅ 第18轮开始

[帧   831] 水位:  58 正常🟢 | 闸门:关🔒 | 样本:   323 | 整区:濒死:0%|正常偏低:62%|正常偏高:21%|预警:15%|应急:2%

──────────────────────────────────────────────────
💧 [第19轮加水]
   当前水位: 52
   🎯 本轮加水目标: 86
   目标区间: [预警🟡]
   正常范围: 45-80
   死水位: 50 | 濒死线: 55
   ⚠️  请加水到目标值附近，不要超过160
   💾 数据已保存（323条样本）
   📊 区间覆盖: 濒死:0%|正常偏低:62%|正常偏高:21%|预警:15%|应急:2%
──────────────────────────────────────────────────

按 Enter 查看水位，输入 ok 继续训练: 
   读取中...
   📊 水位:   52 [濒死🔴] | 距目标: -34
   🚨 濒死！还需加水！

按 Enter 查看水位，输入 ok 继续训练: 
   读取中...
   📊 水位:   52 [濒死🔴] | 距目标: -34
   🚨 濒死！还需加水！

按 Enter 查看水位，输入 ok 继续训练: 
   读取中...
   📊 水位:   76 [正常🟢] | 距目标: -10
   ⬆️  还需加水 10

按 Enter 查看水位，输入 ok 继续训练: 
   读取中...
   📊 水位:   76 [正常🟢] | 距目标: -10
   ⬆️  还需加水 10

按 Enter 查看水位，输入 ok 继续训练: 
   读取中...
   📊 水位:   90 [预警🟡] | 距目标: +4
   ✅ 已达到目标水位

按 Enter 查看水位，输入 ok 继续训练: ok

[重新初始化] 清空历史缓冲区...
   [1/10] 水位: 90 [预警🟡]
   [3/10] 水位: 90 [预警🟡]
   [5/10] 水位: 90 [预警🟡]
   [7/10] 水位: 90 [预警🟡]
   [9/10] 水位: 90 [预警🟡]
   ✅ 第19轮开始

[帧   867] 水位:  58 正常🟢 | 闸门:关🔒 | 样本:   331 | 整区:濒死:0%|正常偏低:61%|正常偏高:22%|预警:15%|应急:2%

──────────────────────────────────────────────────
💧 [第20轮加水]
   当前水位: 52
   🎯 本轮加水目标: 117
   目标区间: [应急🟠]
   正常范围: 45-80
   死水位: 50 | 濒死线: 55
   ⚠️  请加水到目标值附近，不要超过160
   💾 数据已保存（331条样本）
   📊 区间覆盖: 濒死:0%|正常偏低:61%|正常偏高:22%|预警:15%|应急:2%
──────────────────────────────────────────────────

按 Enter 查看水位，输入 ok 继续训练: 
   读取中...
   📊 水位:  114 [应急🟠] | 距目标: -3
   ✅ 已达到目标水位

按 Enter 查看水位，输入 ok 继续训练: 
   读取中...
   📊 水位:  114 [应急🟠] | 距目标: -3
   ✅ 已达到目标水位

按 Enter 查看水位，输入 ok 继续训练: 
   读取中...
   📊 水位:  126 [应急🟠] | 距目标: +9
   ⬇️  加多了 9

按 Enter 查看水位，输入 ok 继续训练: ok

[重新初始化] 清空历史缓冲区...
   [1/10] 水位: 126 [应急🟠]
   [3/10] 水位: 126 [应急🟠]
   [5/10] 水位: 126 [应急🟠]
   [7/10] 水位: 126 [应急🟠]
   [9/10] 水位: 126 [应急🟠]
   ✅ 第20轮开始

[帧   921] 水位:  60 正常🟢 | 闸门:开🔓 | 样本:   355 | 整区:濒死:0%|正常偏低:60%|正常偏高:21%|预警:16%|应急:3%

──────────────────────────────────────────────────
💧 [第21轮加水]
   当前水位: 54
   🎯 本轮加水目标: 78
   目标区间: [正常🟢]
   正常范围: 45-80
   死水位: 50 | 濒死线: 55
   ⚠️  请加水到目标值附近，不要超过160
   💾 数据已保存（355条样本）
   📊 区间覆盖: 濒死:0%|正常偏低:60%|正常偏高:21%|预警:16%|应急:3%
──────────────────────────────────────────────────

按 Enter 查看水位，输入 ok 继续训练: 
   读取中...
   📊 水位:   84 [预警🟡] | 距目标: +6
   ⬇️  加多了 6

按 Enter 查看水位，输入 ok 继续训练: ok

[重新初始化] 清空历史缓冲区...
   [1/10] 水位: 84 [预警🟡]
   [3/10] 水位: 84 [预警🟡]
   [5/10] 水位: 84 [预警🟡]
   [7/10] 水位: 84 [预警🟡]
   [9/10] 水位: 84 [预警🟡]
   ✅ 第21轮开始

[帧   958] 水位:  56 正常🟢 | 闸门:关🔒 | 样本:   366 | 整区:濒死:0%|正常偏低:61%|正常偏高:21%|预警:16%|应急:2%

──────────────────────────────────────────────────
💧 [第22轮加水]
   当前水位: 54
   🎯 本轮加水目标: 56
   目标区间: [正常🟢]
   正常范围: 45-80
   死水位: 50 | 濒死线: 55
   ⚠️  请加水到目标值附近，不要超过160
   💾 数据已保存（366条样本）
   📊 区间覆盖: 濒死:0%|正常偏低:61%|正常偏高:21%|预警:16%|应急:2%
──────────────────────────────────────────────────

按 Enter 查看水位，输入 ok 继续训练: 
   读取中...
   📊 水位:   60 [正常🟢] | 距目标: +4
   ✅ 已达到目标水位

按 Enter 查看水位，输入 ok 继续训练: ok

[重新初始化] 清空历史缓冲区...
   [1/10] 水位: 60 [正常🟢]
   [3/10] 水位: 60 [正常🟢]
   [5/10] 水位: 60 [正常🟢]
   [7/10] 水位: 60 [正常🟢]
   [9/10] 水位: 60 [正常🟢]
   ✅ 第22轮开始

[帧   995] 水位:  56 正常🟢 | 闸门:关🔒 | 样本:   382 | 整区:濒死:0%|正常偏低:62%|正常偏高:20%|预警:15%|应急:2%

──────────────────────────────────────────────────
💧 [第23轮加水]
   当前水位: 54
   🎯 本轮加水目标: 91
   目标区间: [预警🟡]
   正常范围: 45-80
   死水位: 50 | 濒死线: 55
   ⚠️  请加水到目标值附近，不要超过160
   💾 数据已保存（382条样本）
   📊 区间覆盖: 濒死:0%|正常偏低:62%|正常偏高:20%|预警:15%|应急:2%
──────────────────────────────────────────────────

按 Enter 查看水位，输入 ok 继续训练: 
   读取中...
   📊 水位:   92 [预警🟡] | 距目标: +1
   ✅ 已达到目标水位

按 Enter 查看水位，输入 ok 继续训练: ok

[重新初始化] 清空历史缓冲区...
   [1/10] 水位: 92 [预警🟡]
   [3/10] 水位: 92 [预警🟡]
   [5/10] 水位: 92 [预警🟡]
   [7/10] 水位: 92 [预警🟡]
   [9/10] 水位: 92 [预警🟡]
   ✅ 第23轮开始

[帧  1025] 水位:  58 正常🟢 | 闸门:开🔓 | 样本:   389 | 整区:濒死:0%|正常偏低:62%|正常偏高:21%|预警:15%|应急:2%

──────────────────────────────────────────────────
💧 [第24轮加水]
   当前水位: 54
   🎯 本轮加水目标: 73
   目标区间: [正常🟢]
   正常范围: 45-80
   死水位: 50 | 濒死线: 55
   ⚠️  请加水到目标值附近，不要超过160
   💾 数据已保存（389条样本）
   📊 区间覆盖: 濒死:0%|正常偏低:62%|正常偏高:21%|预警:15%|应急:2%
──────────────────────────────────────────────────

按 Enter 查看水位，输入 ok 继续训练: 
   读取中...
   📊 水位:   66 [正常🟢] | 距目标: -7
   ⬆️  还需加水 7

按 Enter 查看水位，输入 ok 继续训练: 
   读取中...
   📊 水位:   66 [正常🟢] | 距目标: -7
   ⬆️  还需加水 7

按 Enter 查看水位，输入 ok 继续训练: 
   读取中...
   📊 水位:   80 [正常🟢] | 距目标: +7
   ⬇️  加多了 7

按 Enter 查看水位，输入 ok 继续训练: ok

[重新初始化] 清空历史缓冲区...
   [1/10] 水位: 80 [正常🟢]
   [3/10] 水位: 80 [正常🟢]
   [5/10] 水位: 80 [正常🟢]
   [7/10] 水位: 80 [正常🟢]
   [9/10] 水位: 80 [正常🟢]
   ✅ 第24轮开始

[帧  1086] 水位:  56 正常🟢 | 闸门:开🔓 | 样本:   414 | 整区:濒死:0%|正常偏低:63%|正常偏高:21%|预警:14%|应急:2%

──────────────────────────────────────────────────
💧 [第25轮加水]
   当前水位: 54
   🎯 本轮加水目标: 106
   目标区间: [预警🟡]
   正常范围: 45-80
   死水位: 50 | 濒死线: 55
   ⚠️  请加水到目标值附近，不要超过160
   💾 数据已保存（414条样本）
   📊 区间覆盖: 濒死:0%|正常偏低:63%|正常偏高:21%|预警:14%|应急:2%
──────────────────────────────────────────────────

按 Enter 查看水位，输入 ok 继续训练: 
   读取中...
   📊 水位:  108 [预警🟡] | 距目标: +2
   ✅ 已达到目标水位

按 Enter 查看水位，输入 ok 继续训练: ok

[重新初始化] 清空历史缓冲区...
   [1/10] 水位: 108 [预警🟡]
   [3/10] 水位: 108 [预警🟡]
   [5/10] 水位: 108 [预警🟡]
   [7/10] 水位: 108 [预警🟡]
   [9/10] 水位: 108 [预警🟡]
   ✅ 第25轮开始